main-MMC5ok1.c:201:5:next_delimiter	16	static
main-MMC5ok1.c:221:5:next_string	16	static
main-MMC5ok1.c:242:5:next_number	32	static
main-MMC5ok1.c:270:5:import_settings	32	static
main-MMC5ok1.c:311:6:null_io	16	static
main-MMC5ok1.c:313:6:settings_txt_R	16	static
main-MMC5ok1.c:314:6:settings_txt_W	32	static
main-MMC5ok1.c:397:13:NUL_xxx	4	static
main-MMC5ok1.c:398:13:NUL_xXx	16	static
main-MMC5ok1.c:475:6:chill	8	static
main-MMC5ok1.c:483:13:shut_down	8	static
main-MMC5ok1.c:497:6:discharge	4	static
main-MMC5ok1.c:508:6:systick	8	static
main-MMC5ok1.c:518:13:check_power_OK	8	static
main-MMC5ok1.c:540:10:CPU_R	16	static
main-MMC5ok1.c:560:10:CPU_W	16	static
main-MMC5ok1.c:587:10:PPU_R	16	static
main-MMC5ok1.c:608:6:PPU_W	16	static
main-MMC5ok1.c:640:13:PRG_xxx	16	static
main-MMC5ok1.c:641:13:CHR_xxx	16	static
main-MMC5ok1.c:646:13:MMC1	24	static
main-MMC5ok1.c:647:13:INIT_001	8	static
main-MMC5ok1.c:648:13:DOWN_001	8	static
main-MMC5ok1.c:649:13:MIR_001	16	static
main-MMC5ok1.c:650:13:SAV_001	24	static
main-MMC5ok1.c:651:13:PRG_001	16	static
main-MMC5ok1.c:652:13:CHR_001	16	static
main-MMC5ok1.c:653:13:TEST_001	4	static
main-MMC5ok1.c:658:13:MIR_010	16	static
main-MMC5ok1.c:659:13:PRG_010	16	static
main-MMC5ok1.c:660:13:CHR_010	16	static
main-MMC5ok1.c:662:13:TEST_010	8	static
main-MMC5ok1.c:681:13:INIT_004	8	static
main-MMC5ok1.c:682:13:DOWN_004	8	static
main-MMC5ok1.c:683:13:MIR_004	16	static
main-MMC5ok1.c:684:13:PRG_004	16	static
main-MMC5ok1.c:685:13:CHR_004	16	static
main-MMC5ok1.c:687:13:TEST_004	8	static
main-MMC5ok1.c:707:13:INIT_005	8	static
main-MMC5ok1.c:719:13:DOWN_005	8	static
main-MMC5ok1.c:720:13:MIR_005	16	static
main-MMC5ok1.c:721:13:SAV_005	16	static
main-MMC5ok1.c:722:13:PRG_005	16	static
main-MMC5ok1.c:723:13:CHR_005	16	static
main-MMC5ok1.c:724:13:TEST_005	4	static
main-MMC5ok1.c:729:13:INIT_018	8	static
main-MMC5ok1.c:730:13:DOWN_018	8	static
main-MMC5ok1.c:731:13:MIR_018	16	static
main-MMC5ok1.c:732:13:PRG_018	16	static
main-MMC5ok1.c:733:13:CHR_018	16	static
main-MMC5ok1.c:738:13:INIT_019	8	static
main-MMC5ok1.c:739:13:DOWN_019	8	static
main-MMC5ok1.c:740:13:MIR_019	16	static
main-MMC5ok1.c:741:13:PRG_019	16	static
main-MMC5ok1.c:742:13:CHR_019	16	static
main-MMC5ok1.c:747:13:INIT_024	8	static
main-MMC5ok1.c:748:13:DOWN_024	8	static
main-MMC5ok1.c:749:13:MIR_024	16	static
main-MMC5ok1.c:750:13:PRG_024	16	static
main-MMC5ok1.c:751:13:CHR_024	16	static
main-MMC5ok1.c:756:13:INIT_025	8	static
main-MMC5ok1.c:757:13:MIR_025	16	static
main-MMC5ok1.c:758:13:PRG_025	16	static
main-MMC5ok1.c:759:13:CHR_025	16	static
main-MMC5ok1.c:764:13:MIR_033	16	static
main-MMC5ok1.c:765:13:PRG_033	16	static
main-MMC5ok1.c:766:13:CHR_033	16	static
main-MMC5ok1.c:771:13:INIT_069	8	static
main-MMC5ok1.c:772:13:DOWN_069	8	static
main-MMC5ok1.c:773:13:MIR_069	16	static
main-MMC5ok1.c:774:13:SAV_069	16	static
main-MMC5ok1.c:775:13:PRG_069	16	static
main-MMC5ok1.c:776:13:CHR_069	16	static
main-MMC5ok1.c:781:13:INIT_085	8	static
main-MMC5ok1.c:782:13:DOWN_085	8	static
main-MMC5ok1.c:783:13:MIR_085	16	static
main-MMC5ok1.c:784:13:PRG_085	16	static
main-MMC5ok1.c:785:13:CHR_085	16	static
main-MMC5ok1.c:791:13:INIT_068	8	static
main-MMC5ok1.c:792:13:DOWN_068	8	static
main-MMC5ok1.c:793:13:MIR_068	16	static
main-MMC5ok1.c:794:13:PRG_068	16	static
main-MMC5ok1.c:795:13:CHR_068	16	static
main-MMC5ok1.c:800:13:MIR_225	16	static
main-MMC5ok1.c:801:13:PRG_225	16	static
main-MMC5ok1.c:802:13:CHR_225	16	static
main-MMC5ok1.c:806:13:PRG_206	16	static
main-MMC5ok1.c:807:13:CHR_206	16	static
main-MMC5ok1.c:840:6:data_tbl_R	8	static
main-MMC5ok1.c:841:6:root_tbl_R	8	static
main-MMC5ok1.c:842:6:PRG__tbl_R	8	static
main-MMC5ok1.c:843:6:CHR__tbl_R	8	static
main-MMC5ok1.c:845:6:readme_txt_R	8	static
main-MMC5ok1.c:852:6:report_txt_R	8	static
main-MMC5ok1.c:859:6:DEMO_NES_R	8	static
main-MMC5ok1.c:866:6:ROM_NES_R	40	static
main-MMC5ok1.c:929:6:ROM_SAV_R	24	static
main-MMC5ok1.c:945:6:ROM_SAV_W	24	static
main-MMC5ok1.c:965:10:PPU_mirroring_test	24	static
main-MMC5ok1.c:977:10:PPU_mirroring_test_2	24	static
main-MMC5ok1.c:991:6:scan_CHR	48	static
main-MMC5ok1.c:1023:6:scan_PRG	40	static
main-MMC5ok1.c:1046:6:scan_SAV	72	static
main-MMC5ok1.c:1124:6:goto_bank	24	static
main-MMC5ok1.c:1148:6:init	176	static
main-MMC5ok1.c:1510:5:main	4	static
