main.c:284:5:next_delimiter	16	static
main.c:304:5:next_string	16	static
main.c:325:5:next_number	32	static
main.c:354:6:import_settings	48	static
main.c:498:13:NUL_xxx	4	static
main.c:499:13:NUL_xXx	16	static
main.c:503:13:null_io	4	static
main.c:640:6:chill	8	static
main.c:648:13:shut_down	8	static
main.c:662:6:discharge	4	static
main.c:673:6:systick	8	static
main.c:693:13:check_power_OK	8	static
main.c:718:10:CPU_R	16	static
main.c:738:10:CPU_W	24	static
main.c:771:10:PPU_R	16	static
main.c:792:6:PPU_W	16	static
main.c:821:12:verify_sequence	16	static
main.c:870:13:MMC1	16	static
main.c:880:12:manual_bankswitch	48	static
main.c:996:13:INIT_override	16	static
main.c:1009:13:DOWN_override	8	static
main.c:1010:13:PRG_override	8	static
main.c:1011:13:CHR_override	8	static
main.c:1012:13:SAV_override	8	static
main.c:1016:5:find_map_header	4	static
main.c:1035:5:check_map_abstract	32	static
main.c:1117:6:setup_override	16	static
main.c:1230:13:PRG_xxx	8	static
main.c:1231:13:CHR_xxx	8	static
main.c:1236:13:INIT_001	8	static
main.c:1237:13:DOWN_001	8	static
main.c:1238:13:MIR_001	8	static
main.c:1239:13:SAV_001	16	static
main.c:1240:13:PRG_001	16	static
main.c:1241:13:CHR_001	8	static
main.c:1242:13:TEST_001	4	static
main.c:1247:13:MIR_010	8	static
main.c:1248:13:PRG_010	8	static
main.c:1249:13:CHR_010	16	static
main.c:1251:13:TEST_010	8	static
main.c:1271:13:INIT_004	8	static
main.c:1272:13:DOWN_004	8	static
main.c:1273:13:MIR_004	8	static
main.c:1275:13:PRG_004	16	static
main.c:1276:13:CHR_004	16	static
main.c:1278:13:TEST_004	24	static
main.c:1330:13:MIR_118	16	static
main.c:1342:13:INIT_005	8	static
main.c:1356:13:DOWN_005	8	static
main.c:1357:13:MIR_005	8	static
main.c:1358:13:SAV_005	8	static
main.c:1359:13:PRG_005	8	static
main.c:1360:13:CHR_005	8	static
main.c:1366:13:MIR_007	8	static
main.c:1367:13:PRG_007	8	static
main.c:1372:13:INIT_018	8	static
main.c:1373:13:DOWN_018	8	static
main.c:1374:13:MIR_018	8	static
main.c:1375:13:PRG_018	16	static
main.c:1376:13:CHR_018	16	static
main.c:1381:13:INIT_019	8	static
main.c:1382:13:DOWN_019	8	static
main.c:1383:13:MIR_019	16	static
main.c:1384:13:PRG_019	8	static
main.c:1385:13:CHR_019	8	static
main.c:1390:13:INIT_024	8	static
main.c:1391:13:DOWN_024	8	static
main.c:1392:13:MIR_024	8	static
main.c:1393:13:PRG_024	8	static
main.c:1394:13:CHR_024	8	static
main.c:1399:13:INIT_025	8	static
main.c:1400:13:MIR_025	8	static
main.c:1401:13:PRG_025	8	static
main.c:1402:13:CHR_025	16	static
main.c:1407:13:MIR_033	8	static
main.c:1408:13:CHR_033	8	static
main.c:1415:13:INIT_069	8	static
main.c:1416:13:DOWN_069	8	static
main.c:1417:13:MIR_069	16	static
main.c:1418:13:SAV_069	16	static
main.c:1419:13:PRG_069	16	static
main.c:1420:13:CHR_069	16	static
main.c:1426:13:INIT_085	8	static
main.c:1427:13:DOWN_085	8	static
main.c:1428:13:MIR_085	8	static
main.c:1429:13:CHR_085	8	static
main.c:1436:13:INIT_068	8	static
main.c:1437:13:DOWN_068	8	static
main.c:1438:13:MIR_068	8	static
main.c:1439:13:PRG_068	8	static
main.c:1446:13:MIR_225	8	static
main.c:1447:13:PRG_225	8	static
main.c:1448:13:CHR_225	8	static
main.c:1453:13:PRG_079	8	static
main.c:1454:13:CHR_079	8	static
main.c:1459:13:PRG_206	16	static
main.c:1464:13:PRG_111	8	static
main.c:1467:13:PRG_030	8	static
main.c:1468:13:MIR_030	8	static
main.c:1473:13:MIR_210	8	static
main.c:1474:13:TEST_210	4	static
main.c:1475:13:PRG_210	8	static
main.c:1476:13:CHR_210	8	static
main.c:1481:13:MIR_075	8	static
main.c:1482:13:CHR_075	16	static
main.c:1489:13:INIT_RED	16	static
main.c:1498:13:TEST_RED	16	static
main.c:1533:13:MIR_RED	8	static
main.c:1534:13:PRG_RED	8	static
main.c:1535:13:CHR_RED	8	static
main.c:1540:13:INIT_268	16	static
main.c:1556:13:INIT_268a	16	static
main.c:1571:13:PRG_268	16	static
main.c:1581:13:PRG_268a	16	static
main.c:1594:13:CHR_268	16	static
main.c:1602:12:TEST_SMD133	24	static
main.c:1622:12:MIR_268	16	static
main.c:1646:13:TEST_268	16	static
main.c:1676:13:INIT_M25	8	static
main.c:1677:13:PRG_M25	16	static
main.c:1678:12:MIR_M25	4	static
main.c:1685:13:CHR_234	16	static
main.c:1699:13:PRG_234	8	static
main.c:1766:6:scoretbl_R	8	static
main.c:1767:6:root_tbl_R	8	static
main.c:1768:6:data_tbl_R	8	static
main.c:1796:6:settings_R	8	static
main.c:1797:6:settings_W	8	static
main.c:1818:6:OVERRIDE_erase	8	static
main.c:1831:6:override_R	8	static
main.c:1832:6:override_W	24	static
main.c:1855:6:bcmtable_R	8	static
main.c:1856:6:bcmtable_W	24	static
main.c:1883:6:crlf_8	4	static
main.c:1891:6:pad_8	4	static
main.c:1901:6:hex_8	32	static
main.c:1921:6:override_txt_R	16	static
main.c:1978:6:override_txt_W	40	static
main.c:2104:6:readme_txt_R	8	static
main.c:2111:6:report_txt_R	8	static
main.c:2118:6:resetnes_txt_R	16	static
main.c:2126:6:DEMO_NES_R	8	static
main.c:2133:6:ROM_NES_R	40	static
main.c:2233:6:ROM_SAV_R	24	static
main.c:2250:6:ROM_SAV_W	24	static
main.c:2268:13:PRG_W_byte	16	static
main.c:2296:13:PRG_BIN_W	32	static
main.c:2335:13:CHR_W_byte	16	static
main.c:2367:13:CHR_BIN_W	32	static
main.c:2410:10:PPU_mirroring_test	24	static
main.c:2423:10:PPU_mirroring_test_2	24	static
main.c:2437:6:scan_CHR	40	static
main.c:2483:6:scan_PRG	32	static
main.c:2507:6:scan_SAV	56	static
main.c:2585:6:goto_root	16	static
main.c:2598:5:goto_bank	16	static
main.c:2627:10:MIR_R	8	static
main.c:2635:6:get_bank_score	56	static
main.c:2684:6:init	152	static
main.c:3405:5:main	4	static
