core_cm3.h:1616:22:NVIC_SystemReset	4	static
usbd_storage_if.c:264:13:flush_dirty	16	static
usbd_storage_if.c:273:14:write_unknown	16	static
usbd_storage_if.c:286:13:read_root_dir	8	static
usbd_storage_if.c:287:13:write_root_dir	32	static
usbd_storage_if.c:345:13:io_null	4	static
usbd_storage_if.c:346:13:read_boot_sector	8	static
usbd_storage_if.c:347:13:version_txt_R	4	static
usbd_storage_if.c:409:13:write_FAT	4	static
usbd_storage_if.c:410:13:read_FAT	32	static
usbd_storage_if.c:436:13:read_firmware	8	static
usbd_storage_if.c:445:13:write_firmware	16	static
usbd_storage_if.c:479:13:write_firmware_2	16	static
usbd_storage_if.c:494:13:blink_PC13	16	static
usbd_storage_if.c:519:14:create_file	32	static
usbd_storage_if.c:603:14:make_file	72	static
usbd_storage_if.c:635:6:delete_file	12	static
usbd_storage_if.c:674:8:STORAGE_Init_FS	16	static
usbd_storage_if.c:723:8:STORAGE_GetCapacity_FS	4	static
usbd_storage_if.c:732:6:media_change	8	static
usbd_storage_if.c:740:8:STORAGE_IsReady_FS	4	static
usbd_storage_if.c:745:8:STORAGE_IsWriteProtected_FS	4	static
usbd_storage_if.c:750:8:STORAGE_Read_FS	24	static
usbd_storage_if.c:773:8:STORAGE_Write_FS	24	static
usbd_storage_if.c:793:8:STORAGE_GetMaxLun_FS	4	static
